bun test v1.3.1 (89fa0f34)
bun : 
At line:1 char:1
+ bun test components/
navigation.test.tsx 
--preload 
./test-setup.ts > t 
...
+ ~~~~~~~~~~~~~~~~~~~~
~~~~~~~~~~~~~~~~~~~~~~
~~~~~~~~~~~~~~~~~~~~~~
~~~~~
    + CategoryInfo    
          : NotSpeci  
  fied: (:String) [   
 ], RemoteExceptio    
n
    + FullyQualifiedE 
   rrorId : NativeCo  
  mmandError
 
components\navigation.
test.tsx:

# Unhandled error 
between tests
----------------------
---------
1 | ```typescript
    ^
TypeError: "" is not 
a function (near 
'...""`typescript
import { render, 
screen } from "@testin
g-library/react";
import { describe, 
it, expect, mock } 
from "bun:test";
import Navigation 
from "./navigation";
import React from 
"react";

// Mock GSAP
mock.module("gsap", 
() => ({
    default: {
        
registerPlugin: 
mock(),
        timeline: () 
=> ({
            to: mock()
.mockReturnThis(),
            from: mock
().mockReturnThis(),
        }),
        to: mock(),
        from: mock(),
    },
    registerPlugin: 
mock(),
    timeline: () => ({
        to: mock().moc
kReturnThis(),
        from: mock().m
ockReturnThis(),
    }),
    to: mock(),
    from: mock(),
}));

// Mock ScrollTrigger
mock.module("gsap/Scro
llTrigger", () => ({
    ScrollTrigger: {
        create: 
mock(),
        defaults: 
mock(),
    },
}));

// Mock Next.js Image
mock.module("next/imag
e", () => ({
    __esModule: true,
    default: (props: 
any) => <img 
{...props} />,
}));

// Mock Next.js Link
mock.module("next/link
", () => ({
    __esModule: true,
    default: ({ 
children, href }: 
any) => <a href={href}
>{children}</a>,
}));

describe("Navigation 
Component", () => {
    it("renders the 
logo", () => {
        
render(<Navigation 
/>);
        const logo = s
creen.getByAltText("De
rpcat Artist Logo");
        expect(logo).t
oBeTruthy();
    });

    it("renders 
desktop links", () => 
{
        
render(<Navigation 
/>);
        expect(screen.
getByText("TOURS")).to
BeTruthy();
        expect(screen.
getByText("ABOUT")).to
BeTruthy();
        expect(screen.
getByText("SHOP")).toB
eTruthy();
        expect(screen.
getByText("LIVE")).toB
eTruthy();
        expect(screen.
getByText("BOOK 
ME")).toBeTruthy();
    });

    it("renders 
mobile menu trigger", 
() => {
        
render(<Navigation 
/>);
        // The 
hamburger icon might 
not have text, so we 
look for the button
        const buttons 
= screen.getAllByRole(
"button");
        expect(buttons
.length).toBeGreaterTh
an(0);
    });
});
`...')
      at C:\Users\djde
r\Documents\DolmenGate
Media\mywebsite\compon
ents\navigation.test.t
sx:1:1
      at 
loadAndEvaluateModule 
(2:1)
----------------------
---------


 0 pass
 1 fail
 1 error
Ran 1 test across 1 
file. [188.00ms]
